&v1.CustomResourceDefinition{
	ObjectMeta: v11.ObjectMeta{
		Labels: map[string]string{
			"app":                        "cert-manager",
			"app.kubernetes.io/instance": "cert-manager",
			"app.kubernetes.io/name":     "cert-manager",
			"app.kubernetes.io/version":  "v1.14.5",
		},
		Name: "certificates.cert-manager.io",
	},
	Spec: v1.CustomResourceDefinitionSpec{
		Group: "cert-manager.io",
		Names: v1.CustomResourceDefinitionNames{
			Categories: []string{"cert-manager"},
			Kind:       "Certificate",
			ListKind:   "CertificateList",
			Plural:     "certificates",
			ShortNames: []string{"cert", "certs"},
			Singular:   "certificate",
		},
		Scope: v1.ResourceScope("Namespaced"),
		Versions: []v1.CustomResourceDefinitionVersion{v1.CustomResourceDefinitionVersion{
			AdditionalPrinterColumns: []v1.CustomResourceColumnDefinition{v1.CustomResourceColumnDefinition{
				JSONPath: `.status.conditions[?(@.type=="Ready")].status`,
				Name:     "Ready",
				Type:     "string",
			}, v1.CustomResourceColumnDefinition{
				JSONPath: ".spec.secretName",
				Name:     "Secret",
				Type:     "string",
			}, v1.CustomResourceColumnDefinition{
				JSONPath: ".spec.issuerRef.name",
				Name:     "Issuer",
				Priority: int32(1),
				Type:     "string",
			}, v1.CustomResourceColumnDefinition{
				JSONPath: `.status.conditions[?(@.type=="Ready")].message`,
				Name:     "Status",
				Priority: int32(1),
				Type:     "string",
			}, v1.CustomResourceColumnDefinition{
				Description: "CreationTimestamp is a timestamp representing the server time when this object was created. It is not guaranteed to be set in happens-before order across separate operations. Clients may not set this value. It is represented in RFC3339 form and is in UTC.",
				JSONPath:    ".metadata.creationTimestamp",
				Name:        "Age",
				Type:        "date",
			}},
			Name: "v1",
			Schema: &v1.CustomResourceValidation{OpenAPIV3Schema: &v1.JSONSchemaProps{
				Description: "A Certificate resource should be created to ensure an up to date and signed X.509 certificate is stored in the Kubernetes Secret resource named in `spec.secretName`. \n The stored certificate will be renewed before it expires (as configured by `spec.renewBefore`).",
				Properties: map[string]v1.JSONSchemaProps{
					"apiVersion": v1.JSONSchemaProps{
						Description: "APIVersion defines the versioned schema of this representation of an object. Servers should convert recognized schemas to the latest internal value, and may reject unrecognized values. More info: https://git.k8s.io/community/contributors/devel/sig-architecture/api-conventions.md#resources",
						Type:        "string",
					},
					"kind": v1.JSONSchemaProps{
						Description: "Kind is a string value representing the REST resource this object represents. Servers may infer this from the endpoint the client submits requests to. Cannot be updated. In CamelCase. More info: https://git.k8s.io/community/contributors/devel/sig-architecture/api-conventions.md#types-kinds",
						Type:        "string",
					},
					"metadata": v1.JSONSchemaProps{Type: "object"},
					"spec": v1.JSONSchemaProps{
						Description: "Specification of the desired state of the Certificate resource. https://git.k8s.io/community/contributors/devel/sig-architecture/api-conventions.md#spec-and-status",
						Properties: map[string]v1.JSONSchemaProps{
							"additionalOutputFormats": v1.JSONSchemaProps{
								Description: "Defines extra output formats of the private key and signed certificate chain to be written to this Certificate's target Secret. \n This is an Alpha Feature and is only enabled with the `--feature-gates=AdditionalCertificateOutputFormats=true` option set on both the controller and webhook components.",
								Items: &v1.JSONSchemaPropsOrArray{Schema: &v1.JSONSchemaProps{
									Description: "CertificateAdditionalOutputFormat defines an additional output format of a Certificate resource. These contain supplementary data formats of the signed certificate chain and paired private key.",
									Properties: map[string]v1.JSONSchemaProps{"type": v1.JSONSchemaProps{
										Description: "Type is the name of the format type that should be written to the Certificate's target Secret.",
										Enum:        []v1.JSON{v1.JSON{Raw: []byte("\"DER\"")}, v1.JSON{Raw: []byte("\"CombinedPEM\"")}},
										Type:        "string",
									}},
									Required: []string{"type"},
									Type:     "object",
								}},
								Type: "array",
							},
							"commonName": v1.JSONSchemaProps{
								Description: "Requested common name X509 certificate subject attribute. More info: https://datatracker.ietf.org/doc/html/rfc5280#section-4.1.2.6 NOTE: TLS clients will ignore this value when any subject alternative name is set (see https://tools.ietf.org/html/rfc6125#section-6.4.4). \n Should have a length of 64 characters or fewer to avoid generating invalid CSRs. Cannot be set if the `literalSubject` field is set.",
								Type:        "string",
							},
							"dnsNames": v1.JSONSchemaProps{
								Description: "Requested DNS subject alternative names.",
								Items:       &v1.JSONSchemaPropsOrArray{Schema: &v1.JSONSchemaProps{Type: "string"}},
								Type:        "array",
							},
							"duration": v1.JSONSchemaProps{
								Description: `Requested 'duration' (i.e. lifetime) of the Certificate. Note that the issuer may choose to ignore the requested duration, just like any other requested attribute. 
 If unset, this defaults to 90 days. Minimum accepted duration is 1 hour. Value must be in units accepted by Go time.ParseDuration https://golang.org/pkg/time/#ParseDuration.`,
								Type: "string",
							},
							"emailAddresses": v1.JSONSchemaProps{
								Description: "Requested email subject alternative names.",
								Items:       &v1.JSONSchemaPropsOrArray{Schema: &v1.JSONSchemaProps{Type: "string"}},
								Type:        "array",
							},
							"encodeUsagesInRequest": v1.JSONSchemaProps{
								Description: `Whether the KeyUsage and ExtKeyUsage extensions should be set in the encoded CSR. 
 This option defaults to true, and should only be disabled if the target issuer does not support CSRs with these X509 KeyUsage/ ExtKeyUsage extensions.`,
								Type: "boolean",
							},
							"ipAddresses": v1.JSONSchemaProps{
								Description: "Requested IP address subject alternative names.",
								Items:       &v1.JSONSchemaPropsOrArray{Schema: &v1.JSONSchemaProps{Type: "string"}},
								Type:        "array",
							},
							"isCA": v1.JSONSchemaProps{
								Description: "Requested basic constraints isCA value. The isCA value is used to set the `isCA` field on the created CertificateRequest resources. Note that the issuer may choose to ignore the requested isCA value, just like any other requested attribute. \n If true, this will automatically add the `cert sign` usage to the list of requested `usages`.",
								Type:        "boolean",
							},
							"issuerRef": v1.JSONSchemaProps{
								Description: "Reference to the issuer responsible for issuing the certificate. If the issuer is namespace-scoped, it must be in the same namespace as the Certificate. If the issuer is cluster-scoped, it can be used from any namespace. \n The `name` field of the reference must always be specified.",
								Properties: map[string]v1.JSONSchemaProps{
									"group": v1.JSONSchemaProps{
										Description: "Group of the resource being referred to.",
										Type:        "string",
									},
									"kind": v1.JSONSchemaProps{
										Description: "Kind of the resource being referred to.",
										Type:        "string",
									},
									"name": v1.JSONSchemaProps{
										Description: "Name of the resource being referred to.",
										Type:        "string",
									},
								},
								Required: []string{"name"},
								Type:     "object",
							},
							"keystores": v1.JSONSchemaProps{
								Description: "Additional keystore output formats to be stored in the Certificate's Secret.",
								Properties: map[string]v1.JSONSchemaProps{
									"jks": v1.JSONSchemaProps{
										Description: "JKS configures options for storing a JKS keystore in the `spec.secretName` Secret resource.",
										Properties: map[string]v1.JSONSchemaProps{
											"create": v1.JSONSchemaProps{
												Description: "Create enables JKS keystore creation for the Certificate. If true, a file named `keystore.jks` will be created in the target Secret resource, encrypted using the password stored in `passwordSecretRef`. The keystore file will be updated immediately. If the issuer provided a CA certificate, a file named `truststore.jks` will also be created in the target Secret resource, encrypted using the password stored in `passwordSecretRef` containing the issuing Certificate Authority",
												Type:        "boolean",
											},
											"passwordSecretRef": v1.JSONSchemaProps{
												Description: "PasswordSecretRef is a reference to a key in a Secret resource containing the password used to encrypt the JKS keystore.",
												Properties: map[string]v1.JSONSchemaProps{
													"key": v1.JSONSchemaProps{
														Description: "The key of the entry in the Secret resource's `data` field to be used. Some instances of this field may be defaulted, in others it may be required.",
														Type:        "string",
													},
													"name": v1.JSONSchemaProps{
														Description: "Name of the resource being referred to. More info: https://kubernetes.io/docs/concepts/overview/working-with-objects/names/#names",
														Type:        "string",
													},
												},
												Required: []string{"name"},
												Type:     "object",
											},
										},
										Required: []string{"create", "passwordSecretRef"},
										Type:     "object",
									},
									"pkcs12": v1.JSONSchemaProps{
										Description: "PKCS12 configures options for storing a PKCS12 keystore in the `spec.secretName` Secret resource.",
										Properties: map[string]v1.JSONSchemaProps{
											"create": v1.JSONSchemaProps{
												Description: "Create enables PKCS12 keystore creation for the Certificate. If true, a file named `keystore.p12` will be created in the target Secret resource, encrypted using the password stored in `passwordSecretRef`. The keystore file will be updated immediately. If the issuer provided a CA certificate, a file named `truststore.p12` will also be created in the target Secret resource, encrypted using the password stored in `passwordSecretRef` containing the issuing Certificate Authority",
												Type:        "boolean",
											},
											"passwordSecretRef": v1.JSONSchemaProps{
												Description: "PasswordSecretRef is a reference to a key in a Secret resource containing the password used to encrypt the PKCS12 keystore.",
												Properties: map[string]v1.JSONSchemaProps{
													"key": v1.JSONSchemaProps{
														Description: "The key of the entry in the Secret resource's `data` field to be used. Some instances of this field may be defaulted, in others it may be required.",
														Type:        "string",
													},
													"name": v1.JSONSchemaProps{
														Description: "Name of the resource being referred to. More info: https://kubernetes.io/docs/concepts/overview/working-with-objects/names/#names",
														Type:        "string",
													},
												},
												Required: []string{"name"},
												Type:     "object",
											},
											"profile": v1.JSONSchemaProps{
												Description: "Profile specifies the key and certificate encryption algorithms and the HMAC algorithm used to create the PKCS12 keystore. Default value is `LegacyRC2` for backward compatibility. \n If provided, allowed values are: `LegacyRC2`: Deprecated. Not supported by default in OpenSSL 3 or Java 20. `LegacyDES`: Less secure algorithm. Use this option for maximal compatibility. `Modern2023`: Secure algorithm. Use this option in case you have to always use secure algorithms (eg. because of company policy). Please note that the security of the algorithm is not that important in reality, because the unencrypted certificate and private key are also stored in the Secret.",
												Enum:        []v1.JSON{v1.JSON{Raw: []byte("\"LegacyRC2\"")}, v1.JSON{Raw: []byte("\"LegacyDES\"")}, v1.JSON{Raw: []byte("\"Modern2023\"")}},
												Type:        "string",
											},
										},
										Required: []string{"create", "passwordSecretRef"},
										Type:     "object",
									},
								},
								Type: "object",
							},
							"literalSubject": v1.JSONSchemaProps{
								Description: "Requested X.509 certificate subject, represented using the LDAP \"String Representation of a Distinguished Name\" [1]. Important: the LDAP string format also specifies the order of the attributes in the subject, this is important when issuing certs for LDAP authentication. Example: `CN=foo,DC=corp,DC=example,DC=com` More info [1]: https://datatracker.ietf.org/doc/html/rfc4514 More info: https://github.com/cert-manager/cert-manager/issues/3203 More info: https://github.com/cert-manager/cert-manager/issues/4424 \n Cannot be set if the `subject` or `commonName` field is set. This is an Alpha Feature and is only enabled with the `--feature-gates=LiteralCertificateSubject=true` option set on both the controller and webhook components.",
								Type:        "string",
							},
							"nameConstraints": v1.JSONSchemaProps{
								Description: "x.509 certificate NameConstraint extension which MUST NOT be used in a non-CA certificate. More Info: https://datatracker.ietf.org/doc/html/rfc5280#section-4.2.1.10 \n This is an Alpha Feature and is only enabled with the `--feature-gates=NameConstraints=true` option set on both the controller and webhook components.",
								Properties: map[string]v1.JSONSchemaProps{
									"critical": v1.JSONSchemaProps{
										Description: "if true then the name constraints are marked critical.",
										Type:        "boolean",
									},
									"excluded": v1.JSONSchemaProps{
										Description: "Excluded contains the constraints which must be disallowed. Any name matching a restriction in the excluded field is invalid regardless of information appearing in the permitted",
										Properties: map[string]v1.JSONSchemaProps{
											"dnsDomains": v1.JSONSchemaProps{
												Description: "DNSDomains is a list of DNS domains that are permitted or excluded.",
												Items:       &v1.JSONSchemaPropsOrArray{Schema: &v1.JSONSchemaProps{Type: "string"}},
												Type:        "array",
											},
											"emailAddresses": v1.JSONSchemaProps{
												Description: "EmailAddresses is a list of Email Addresses that are permitted or excluded.",
												Items:       &v1.JSONSchemaPropsOrArray{Schema: &v1.JSONSchemaProps{Type: "string"}},
												Type:        "array",
											},
											"ipRanges": v1.JSONSchemaProps{
												Description: "IPRanges is a list of IP Ranges that are permitted or excluded. This should be a valid CIDR notation.",
												Items:       &v1.JSONSchemaPropsOrArray{Schema: &v1.JSONSchemaProps{Type: "string"}},
												Type:        "array",
											},
											"uriDomains": v1.JSONSchemaProps{
												Description: "URIDomains is a list of URI domains that are permitted or excluded.",
												Items:       &v1.JSONSchemaPropsOrArray{Schema: &v1.JSONSchemaProps{Type: "string"}},
												Type:        "array",
											},
										},
										Type: "object",
									},
									"permitted": v1.JSONSchemaProps{
										Description: "Permitted contains the constraints in which the names must be located.",
										Properties: map[string]v1.JSONSchemaProps{
											"dnsDomains": v1.JSONSchemaProps{
												Description: "DNSDomains is a list of DNS domains that are permitted or excluded.",
												Items:       &v1.JSONSchemaPropsOrArray{Schema: &v1.JSONSchemaProps{Type: "string"}},
												Type:        "array",
											},
											"emailAddresses": v1.JSONSchemaProps{
												Description: "EmailAddresses is a list of Email Addresses that are permitted or excluded.",
												Items:       &v1.JSONSchemaPropsOrArray{Schema: &v1.JSONSchemaProps{Type: "string"}},
												Type:        "array",
											},
											"ipRanges": v1.JSONSchemaProps{
												Description: "IPRanges is a list of IP Ranges that are permitted or excluded. This should be a valid CIDR notation.",
												Items:       &v1.JSONSchemaPropsOrArray{Schema: &v1.JSONSchemaProps{Type: "string"}},
												Type:        "array",
											},
											"uriDomains": v1.JSONSchemaProps{
												Description: "URIDomains is a list of URI domains that are permitted or excluded.",
												Items:       &v1.JSONSchemaPropsOrArray{Schema: &v1.JSONSchemaProps{Type: "string"}},
												Type:        "array",
											},
										},
										Type: "object",
									},
								},
								Type: "object",
							},
							"otherNames": v1.JSONSchemaProps{
								Description: "`otherNames` is an escape hatch for SAN that allows any type. We currently restrict the support to string like otherNames, cf RFC 5280 p 37 Any UTF8 String valued otherName can be passed with by setting the keys oid: x.x.x.x and UTF8Value: somevalue for `otherName`. Most commonly this would be UPN set with oid: 1.3.6.1.4.1.311.20.2.3 You should ensure that any OID passed is valid for the UTF8String type as we do not explicitly validate this.",
								Items: &v1.JSONSchemaPropsOrArray{Schema: &v1.JSONSchemaProps{
									Properties: map[string]v1.JSONSchemaProps{
										"oid": v1.JSONSchemaProps{
											Description: `OID is the object identifier for the otherName SAN. The object identifier must be expressed as a dotted string, for example, "1.2.840.113556.1.4.221".`,
											Type:        "string",
										},
										"utf8Value": v1.JSONSchemaProps{
											Description: "utf8Value is the string value of the otherName SAN. The utf8Value accepts any valid UTF8 string to set as value for the otherName SAN.",
											Type:        "string",
										},
									},
									Type: "object",
								}},
								Type: "array",
							},
							"privateKey": v1.JSONSchemaProps{
								Description: "Private key options. These include the key algorithm and size, the used encoding and the rotation policy.",
								Properties: map[string]v1.JSONSchemaProps{
									"algorithm": v1.JSONSchemaProps{
										Description: "Algorithm is the private key algorithm of the corresponding private key for this certificate. \n If provided, allowed values are either `RSA`, `ECDSA` or `Ed25519`. If `algorithm` is specified and `size` is not provided, key size of 2048 will be used for `RSA` key algorithm and key size of 256 will be used for `ECDSA` key algorithm. key size is ignored when using the `Ed25519` key algorithm.",
										Enum:        []v1.JSON{v1.JSON{Raw: []byte("\"RSA\"")}, v1.JSON{Raw: []byte("\"ECDSA\"")}, v1.JSON{Raw: []byte("\"Ed25519\"")}},
										Type:        "string",
									},
									"encoding": v1.JSONSchemaProps{
										Description: "The private key cryptography standards (PKCS) encoding for this certificate's private key to be encoded in. \n If provided, allowed values are `PKCS1` and `PKCS8` standing for PKCS#1 and PKCS#8, respectively. Defaults to `PKCS1` if not specified.",
										Enum:        []v1.JSON{v1.JSON{Raw: []byte("\"PKCS1\"")}, v1.JSON{Raw: []byte("\"PKCS8\"")}},
										Type:        "string",
									},
									"rotationPolicy": v1.JSONSchemaProps{
										Description: "RotationPolicy controls how private keys should be regenerated when a re-issuance is being processed. \n If set to `Never`, a private key will only be generated if one does not already exist in the target `spec.secretName`. If one does exists but it does not have the correct algorithm or size, a warning will be raised to await user intervention. If set to `Always`, a private key matching the specified requirements will be generated whenever a re-issuance occurs. Default is `Never` for backward compatibility.",
										Enum:        []v1.JSON{v1.JSON{Raw: []byte("\"Never\"")}, v1.JSON{Raw: []byte("\"Always\"")}},
										Type:        "string",
									},
									"size": v1.JSONSchemaProps{
										Description: "Size is the key bit size of the corresponding private key for this certificate. \n If `algorithm` is set to `RSA`, valid values are `2048`, `4096` or `8192`, and will default to `2048` if not specified. If `algorithm` is set to `ECDSA`, valid values are `256`, `384` or `521`, and will default to `256` if not specified. If `algorithm` is set to `Ed25519`, Size is ignored. No other values are allowed.",
										Type:        "integer",
									},
								},
								Type: "object",
							},
							"renewBefore": v1.JSONSchemaProps{
								Description: "How long before the currently issued certificate's expiry cert-manager should renew the certificate. For example, if a certificate is valid for 60 minutes, and `renewBefore=10m`, cert-manager will begin to attempt to renew the certificate 50 minutes after it was issued (i.e. when there are 10 minutes remaining until the certificate is no longer valid). \n NOTE: The actual lifetime of the issued certificate is used to determine the renewal time. If an issuer returns a certificate with a different lifetime than the one requested, cert-manager will use the lifetime of the issued certificate. \n If unset, this defaults to 1/3 of the issued certificate's lifetime. Minimum accepted value is 5 minutes. Value must be in units accepted by Go time.ParseDuration https://golang.org/pkg/time/#ParseDuration.",
								Type:        "string",
							},
							"revisionHistoryLimit": v1.JSONSchemaProps{
								Description: "The maximum number of CertificateRequest revisions that are maintained in the Certificate's history. Each revision represents a single `CertificateRequest` created by this Certificate, either when it was created, renewed, or Spec was changed. Revisions will be removed by oldest first if the number of revisions exceeds this number. \n If set, revisionHistoryLimit must be a value of `1` or greater. If unset (`nil`), revisions will not be garbage collected. Default value is `nil`.",
								Format:      "int32",
								Type:        "integer",
							},
							"secretName": v1.JSONSchemaProps{
								Description: "Name of the Secret resource that will be automatically created and managed by this Certificate resource. It will be populated with a private key and certificate, signed by the denoted issuer. The Secret resource lives in the same namespace as the Certificate resource.",
								Type:        "string",
							},
							"secretTemplate": v1.JSONSchemaProps{
								Description: "Defines annotations and labels to be copied to the Certificate's Secret. Labels and annotations on the Secret will be changed as they appear on the SecretTemplate when added or removed. SecretTemplate annotations are added in conjunction with, and cannot overwrite, the base set of annotations cert-manager sets on the Certificate's Secret.",
								Properties: map[string]v1.JSONSchemaProps{
									"annotations": v1.JSONSchemaProps{
										AdditionalProperties: &v1.JSONSchemaPropsOrBool{
											Allows: true,
											Schema: &v1.JSONSchemaProps{Type: "string"},
										},
										Description: "Annotations is a key value map to be copied to the target Kubernetes Secret.",
										Type:        "object",
									},
									"labels": v1.JSONSchemaProps{
										AdditionalProperties: &v1.JSONSchemaPropsOrBool{
											Allows: true,
											Schema: &v1.JSONSchemaProps{Type: "string"},
										},
										Description: "Labels is a key value map to be copied to the target Kubernetes Secret.",
										Type:        "object",
									},
								},
								Type: "object",
							},
							"subject": v1.JSONSchemaProps{
								Description: "Requested set of X509 certificate subject attributes. More info: https://datatracker.ietf.org/doc/html/rfc5280#section-4.1.2.6 \n The common name attribute is specified separately in the `commonName` field. Cannot be set if the `literalSubject` field is set.",
								Properties: map[string]v1.JSONSchemaProps{
									"countries": v1.JSONSchemaProps{
										Description: "Countries to be used on the Certificate.",
										Items:       &v1.JSONSchemaPropsOrArray{Schema: &v1.JSONSchemaProps{Type: "string"}},
										Type:        "array",
									},
									"localities": v1.JSONSchemaProps{
										Description: "Cities to be used on the Certificate.",
										Items:       &v1.JSONSchemaPropsOrArray{Schema: &v1.JSONSchemaProps{Type: "string"}},
										Type:        "array",
									},
									"organizationalUnits": v1.JSONSchemaProps{
										Description: "Organizational Units to be used on the Certificate.",
										Items:       &v1.JSONSchemaPropsOrArray{Schema: &v1.JSONSchemaProps{Type: "string"}},
										Type:        "array",
									},
									"organizations": v1.JSONSchemaProps{
										Description: "Organizations to be used on the Certificate.",
										Items:       &v1.JSONSchemaPropsOrArray{Schema: &v1.JSONSchemaProps{Type: "string"}},
										Type:        "array",
									},
									"postalCodes": v1.JSONSchemaProps{
										Description: "Postal codes to be used on the Certificate.",
										Items:       &v1.JSONSchemaPropsOrArray{Schema: &v1.JSONSchemaProps{Type: "string"}},
										Type:        "array",
									},
									"provinces": v1.JSONSchemaProps{
										Description: "State/Provinces to be used on the Certificate.",
										Items:       &v1.JSONSchemaPropsOrArray{Schema: &v1.JSONSchemaProps{Type: "string"}},
										Type:        "array",
									},
									"serialNumber": v1.JSONSchemaProps{
										Description: "Serial number to be used on the Certificate.",
										Type:        "string",
									},
									"streetAddresses": v1.JSONSchemaProps{
										Description: "Street addresses to be used on the Certificate.",
										Items:       &v1.JSONSchemaPropsOrArray{Schema: &v1.JSONSchemaProps{Type: "string"}},
										Type:        "array",
									},
								},
								Type: "object",
							},
							"uris": v1.JSONSchemaProps{
								Description: "Requested URI subject alternative names.",
								Items:       &v1.JSONSchemaPropsOrArray{Schema: &v1.JSONSchemaProps{Type: "string"}},
								Type:        "array",
							},
							"usages": v1.JSONSchemaProps{
								Description: "Requested key usages and extended key usages. These usages are used to set the `usages` field on the created CertificateRequest resources. If `encodeUsagesInRequest` is unset or set to `true`, the usages will additionally be encoded in the `request` field which contains the CSR blob. \n If unset, defaults to `digital signature` and `key encipherment`.",
								Items: &v1.JSONSchemaPropsOrArray{Schema: &v1.JSONSchemaProps{
									Description: `KeyUsage specifies valid usage contexts for keys. See: https://tools.ietf.org/html/rfc5280#section-4.2.1.3 https://tools.ietf.org/html/rfc5280#section-4.2.1.12 
 Valid KeyUsage values are as follows: "signing", "digital signature", "content commitment", "key encipherment", "key agreement", "data encipherment", "cert sign", "crl sign", "encipher only", "decipher only", "any", "server auth", "client auth", "code signing", "email protection", "s/mime", "ipsec end system", "ipsec tunnel", "ipsec user", "timestamping", "ocsp signing", "microsoft sgc", "netscape sgc"`,
									Enum: []v1.JSON{v1.JSON{Raw: []byte("\"signing\"")}, v1.JSON{Raw: []byte("\"digital signature\"")}, v1.JSON{Raw: []byte("\"content commitment\"")}, v1.JSON{Raw: []byte("\"key encipherment\"")}, v1.JSON{Raw: []byte("\"key agreement\"")}, v1.JSON{Raw: []byte("\"data encipherment\"")}, v1.JSON{Raw: []byte("\"cert sign\"")}, v1.JSON{Raw: []byte("\"crl sign\"")}, v1.JSON{Raw: []byte("\"encipher only\"")}, v1.JSON{Raw: []byte("\"decipher only\"")}, v1.JSON{Raw: []byte("\"any\"")}, v1.JSON{Raw: []byte("\"server auth\"")}, v1.JSON{Raw: []byte("\"client auth\"")}, v1.JSON{Raw: []byte("\"code signing\"")}, v1.JSON{Raw: []byte("\"email protection\"")}, v1.JSON{Raw: []byte("\"s/mime\"")}, v1.JSON{Raw: []byte("\"ipsec end system\"")}, v1.JSON{Raw: []byte("\"ipsec tunnel\"")}, v1.JSON{Raw: []byte("\"ipsec user\"")}, v1.JSON{Raw: []byte("\"timestamping\"")}, v1.JSON{Raw: []byte("\"ocsp signing\"")}, v1.JSON{Raw: []byte("\"microsoft sgc\"")}, v1.JSON{Raw: []byte("\"netscape sgc\"")}},
									Type: "string",
								}},
								Type: "array",
							},
						},
						Required: []string{"issuerRef", "secretName"},
						Type:     "object",
					},
					"status": v1.JSONSchemaProps{
						Description: "Status of the Certificate. This is set and managed automatically. Read-only. More info: https://git.k8s.io/community/contributors/devel/sig-architecture/api-conventions.md#spec-and-status",
						Properties: map[string]v1.JSONSchemaProps{
							"conditions": v1.JSONSchemaProps{
								Description: "List of status conditions to indicate the status of certificates. Known condition types are `Ready` and `Issuing`.",
								Items: &v1.JSONSchemaPropsOrArray{Schema: &v1.JSONSchemaProps{
									Description: "CertificateCondition contains condition information for an Certificate.",
									Properties: map[string]v1.JSONSchemaProps{
										"lastTransitionTime": v1.JSONSchemaProps{
											Description: "LastTransitionTime is the timestamp corresponding to the last status change of this condition.",
											Format:      "date-time",
											Type:        "string",
										},
										"message": v1.JSONSchemaProps{
											Description: "Message is a human readable description of the details of the last transition, complementing reason.",
											Type:        "string",
										},
										"observedGeneration": v1.JSONSchemaProps{
											Description: "If set, this represents the .metadata.generation that the condition was set based upon. For instance, if .metadata.generation is currently 12, but the .status.condition[x].observedGeneration is 9, the condition is out of date with respect to the current state of the Certificate.",
											Format:      "int64",
											Type:        "integer",
										},
										"reason": v1.JSONSchemaProps{
											Description: "Reason is a brief machine readable explanation for the condition's last transition.",
											Type:        "string",
										},
										"status": v1.JSONSchemaProps{
											Description: "Status of the condition, one of (`True`, `False`, `Unknown`).",
											Enum:        []v1.JSON{v1.JSON{Raw: []byte("\"True\"")}, v1.JSON{Raw: []byte("\"False\"")}, v1.JSON{Raw: []byte("\"Unknown\"")}},
											Type:        "string",
										},
										"type": v1.JSONSchemaProps{
											Description: "Type of the condition, known values are (`Ready`, `Issuing`).",
											Type:        "string",
										},
									},
									Required: []string{"status", "type"},
									Type:     "object",
								}},
								Type:         "array",
								XListMapKeys: []string{"type"},
								XListType:    P("map"),
							},
							"failedIssuanceAttempts": v1.JSONSchemaProps{
								Description: "The number of continuous failed issuance attempts up till now. This field gets removed (if set) on a successful issuance and gets set to 1 if unset and an issuance has failed. If an issuance has failed, the delay till the next issuance will be calculated using formula time.Hour * 2 ^ (failedIssuanceAttempts - 1).",
								Type:        "integer",
							},
							"lastFailureTime": v1.JSONSchemaProps{
								Description: "LastFailureTime is set only if the lastest issuance for this Certificate failed and contains the time of the failure. If an issuance has failed, the delay till the next issuance will be calculated using formula time.Hour * 2 ^ (failedIssuanceAttempts - 1). If the latest issuance has succeeded this field will be unset.",
								Format:      "date-time",
								Type:        "string",
							},
							"nextPrivateKeySecretName": v1.JSONSchemaProps{
								Description: "The name of the Secret resource containing the private key to be used for the next certificate iteration. The keymanager controller will automatically set this field if the `Issuing` condition is set to `True`. It will automatically unset this field when the Issuing condition is not set or False.",
								Type:        "string",
							},
							"notAfter": v1.JSONSchemaProps{
								Description: "The expiration time of the certificate stored in the secret named by this resource in `spec.secretName`.",
								Format:      "date-time",
								Type:        "string",
							},
							"notBefore": v1.JSONSchemaProps{
								Description: "The time after which the certificate stored in the secret named by this resource in `spec.secretName` is valid.",
								Format:      "date-time",
								Type:        "string",
							},
							"renewalTime": v1.JSONSchemaProps{
								Description: "RenewalTime is the time at which the certificate will be next renewed. If not set, no upcoming renewal is scheduled.",
								Format:      "date-time",
								Type:        "string",
							},
							"revision": v1.JSONSchemaProps{
								Description: "The current 'revision' of the certificate as issued. \n When a CertificateRequest resource is created, it will have the `cert-manager.io/certificate-revision` set to one greater than the current value of this field. \n Upon issuance, this field will be set to the value of the annotation on the CertificateRequest resource used to issue the certificate. \n Persisting the value on the CertificateRequest resource allows the certificates controller to know whether a request is part of an old issuance or if it is part of the ongoing revision's issuance by checking if the revision value in the annotation is greater than this field.",
								Type:        "integer",
							},
						},
						Type: "object",
					},
				},
				Type: "object",
			}},
			Served:       true,
			Storage:      true,
			Subresources: &v1.CustomResourceSubresources{Status: &v1.CustomResourceSubresourceStatus{}},
		}},
	},
	TypeMeta: v11.TypeMeta{
		APIVersion: "apiextensions.k8s.io/v1",
		Kind:       "CustomResourceDefinition",
	},
}