level=INFO msg=import app=lingon opt.app-name=tekton opt.package-name=tekton opt.output-dir=out/import/tekton opt.reader=false opt.manifests=[testdata/tekton.yaml] opt.writer=true opt.remove-app-name=true opt.group-by-kind=true opt.add-methods=true opt.redact-secrets=false opt.ignore-errors=true opt.clean-up=true
level=INFO msg="importing from manifest" app=lingon files=[testdata/tekton.yaml]
level=INFO msg=manifest app=lingon file=testdata/tekton.yaml manifests=65
level=INFO msg="converting manifest" app=lingon number=1 head="apiVersion: v1\nkind: Namespace\nmetadata:\n  name: tekton-pipelines\n  labels:\n    app.kubernetes.io/instance: default\n    app.kubernetes.io/part-of: tek..."
level=INFO msg="converting manifest" app=lingon number=2 head="kind: ClusterRole\napiVersion: rbac.authorization.k8s.io/v1\nmetadata:\n  name: tekton-pipelines-controller-cluster-access\n  labels:\n    app.kubernetes.i..."
level=INFO msg="converting manifest" app=lingon number=3 head="kind: ClusterRole\napiVersion: rbac.authorization.k8s.io/v1\nmetadata:\n  # This is the access that the controller needs on a per-namespace basis.\n  name..."
level=INFO msg="converting manifest" app=lingon number=4 head="kind: ClusterRole\napiVersion: rbac.authorization.k8s.io/v1\nmetadata:\n  name: tekton-pipelines-webhook-cluster-access\n  labels:\n    app.kubernetes.io/c..."
level=INFO msg="converting manifest" app=lingon number=5 head="kind: Role\napiVersion: rbac.authorization.k8s.io/v1\nmetadata:\n  name: tekton-pipelines-controller\n  namespace: tekton-pipelines\n  labels:\n    app.kube..."
level=INFO msg="converting manifest" app=lingon number=6 head="kind: Role\napiVersion: rbac.authorization.k8s.io/v1\nmetadata:\n  name: tekton-pipelines-webhook\n  namespace: tekton-pipelines\n  labels:\n    app.kuberne..."
level=INFO msg="converting manifest" app=lingon number=7 head="kind: Role\napiVersion: rbac.authorization.k8s.io/v1\nmetadata:\n  name: tekton-pipelines-leader-election\n  namespace: tekton-pipelines\n  labels:\n    app..."
level=INFO msg="converting manifest" app=lingon number=8 head="apiVersion: rbac.authorization.k8s.io/v1\nkind: Role\nmetadata:\n  name: tekton-pipelines-info\n  namespace: tekton-pipelines\n  labels:\n    app.kubernetes..."
level=INFO msg="converting manifest" app=lingon number=9 head="apiVersion: v1\nkind: ServiceAccount\nmetadata:\n  name: tekton-pipelines-controller\n  namespace: tekton-pipelines\n  labels:\n    app.kubernetes.io/compon..."
level=INFO msg="converting manifest" app=lingon number=10 head="apiVersion: v1\nkind: ServiceAccount\nmetadata:\n  name: tekton-pipelines-webhook\n  namespace: tekton-pipelines\n  labels:\n    app.kubernetes.io/component..."
level=INFO msg="converting manifest" app=lingon number=11 head="apiVersion: rbac.authorization.k8s.io/v1\nkind: ClusterRoleBinding\nmetadata:\n  name: tekton-pipelines-controller-cluster-access\n  labels:\n    app.kuber..."
level=INFO msg="converting manifest" app=lingon number=12 head="apiVersion: rbac.authorization.k8s.io/v1\nkind: ClusterRoleBinding\nmetadata:\n  name: tekton-pipelines-controller-tenant-access\n  labels:\n    app.kubern..."
level=INFO msg="converting manifest" app=lingon number=13 head="apiVersion: rbac.authorization.k8s.io/v1\nkind: ClusterRoleBinding\nmetadata:\n  name: tekton-pipelines-webhook-cluster-access\n  labels:\n    app.kubernet..."
level=INFO msg="converting manifest" app=lingon number=14 head="apiVersion: rbac.authorization.k8s.io/v1\nkind: RoleBinding\nmetadata:\n  name: tekton-pipelines-controller\n  namespace: tekton-pipelines\n  labels:\n    a..."
level=INFO msg="converting manifest" app=lingon number=15 head="apiVersion: rbac.authorization.k8s.io/v1\nkind: RoleBinding\nmetadata:\n  name: tekton-pipelines-webhook\n  namespace: tekton-pipelines\n  labels:\n    app...."
level=INFO msg="converting manifest" app=lingon number=16 head="apiVersion: rbac.authorization.k8s.io/v1\nkind: RoleBinding\nmetadata:\n  name: tekton-pipelines-controller-leaderelection\n  namespace: tekton-pipelines\n..."
level=INFO msg="converting manifest" app=lingon number=17 head="apiVersion: rbac.authorization.k8s.io/v1\nkind: RoleBinding\nmetadata:\n  name: tekton-pipelines-webhook-leaderelection\n  namespace: tekton-pipelines\n  l..."
level=INFO msg="converting manifest" app=lingon number=18 head="apiVersion: rbac.authorization.k8s.io/v1\nkind: RoleBinding\nmetadata:\n  name: tekton-pipelines-info\n  namespace: tekton-pipelines\n  labels:\n    app.kub..."
level=INFO msg="converting manifest" app=lingon number=19 head="apiVersion: apiextensions.k8s.io/v1\nkind: CustomResourceDefinition\nmetadata:\n  name: clustertasks.tekton.dev\n  labels:\n    app.kubernetes.io/instance:..."
level=INFO msg="converting manifest" app=lingon number=20 head="apiVersion: apiextensions.k8s.io/v1\nkind: CustomResourceDefinition\nmetadata:\n  name: customruns.tekton.dev\n  labels:\n    app.kubernetes.io/instance: d..."
level=INFO msg="converting manifest" app=lingon number=21 head="apiVersion: apiextensions.k8s.io/v1\nkind: CustomResourceDefinition\nmetadata:\n  name: pipelines.tekton.dev\n  labels:\n    app.kubernetes.io/instance: de..."
level=INFO msg="converting manifest" app=lingon number=22 head="apiVersion: apiextensions.k8s.io/v1\nkind: CustomResourceDefinition\nmetadata:\n  name: pipelineruns.tekton.dev\n  labels:\n    app.kubernetes.io/instance:..."
level=INFO msg="converting manifest" app=lingon number=23 head="apiVersion: apiextensions.k8s.io/v1\nkind: CustomResourceDefinition\nmetadata:\n  name: resolutionrequests.resolution.tekton.dev\n  labels:\n    resolution..."
level=INFO msg="converting manifest" app=lingon number=24 head="apiVersion: apiextensions.k8s.io/v1\nkind: CustomResourceDefinition\nmetadata:\n  name: pipelineresources.tekton.dev\n  labels:\n    app.kubernetes.io/inst..."
level=INFO msg="converting manifest" app=lingon number=25 head="apiVersion: apiextensions.k8s.io/v1\nkind: CustomResourceDefinition\nmetadata:\n  name: runs.tekton.dev\n  labels:\n    app.kubernetes.io/instance: default..."
level=INFO msg="converting manifest" app=lingon number=26 head="apiVersion: apiextensions.k8s.io/v1\nkind: CustomResourceDefinition\nmetadata:\n  name: tasks.tekton.dev\n  labels:\n    app.kubernetes.io/instance: defaul..."
level=INFO msg="converting manifest" app=lingon number=27 head="apiVersion: apiextensions.k8s.io/v1\nkind: CustomResourceDefinition\nmetadata:\n  name: taskruns.tekton.dev\n  labels:\n    app.kubernetes.io/instance: def..."
level=INFO msg="converting manifest" app=lingon number=28 head="apiVersion: apiextensions.k8s.io/v1\nkind: CustomResourceDefinition\nmetadata:\n  name: verificationpolicies.tekton.dev\n  labels:\n    app.kubernetes.io/i..."
level=INFO msg="converting manifest" app=lingon number=29 head="apiVersion: v1\nkind: Secret\nmetadata:\n  name: webhook-certs\n  namespace: tekton-pipelines\n  labels:\n    app.kubernetes.io/component: webhook\n    app.k..."
level=INFO msg="converting manifest" app=lingon number=30 head="apiVersion: admissionregistration.k8s.io/v1\nkind: ValidatingWebhookConfiguration\nmetadata:\n  name: validation.webhook.pipeline.tekton.dev\n  labels:\n  ..."
level=INFO msg="converting manifest" app=lingon number=31 head="apiVersion: admissionregistration.k8s.io/v1\nkind: MutatingWebhookConfiguration\nmetadata:\n  name: webhook.pipeline.tekton.dev\n  labels:\n    app.kuberne..."
level=INFO msg="converting manifest" app=lingon number=32 head="apiVersion: admissionregistration.k8s.io/v1\nkind: ValidatingWebhookConfiguration\nmetadata:\n  name: config.webhook.pipeline.tekton.dev\n  labels:\n    ap..."
level=INFO msg="converting manifest" app=lingon number=33 head="apiVersion: rbac.authorization.k8s.io/v1\nkind: ClusterRole\nmetadata:\n  name: tekton-aggregate-edit\n  labels:\n    app.kubernetes.io/instance: default\n ..."
level=INFO msg="converting manifest" app=lingon number=34 head="apiVersion: rbac.authorization.k8s.io/v1\nkind: ClusterRole\nmetadata:\n  name: tekton-aggregate-view\n  labels:\n    app.kubernetes.io/instance: default\n ..."
level=INFO msg="converting manifest" app=lingon number=35 head="apiVersion: v1\nkind: ConfigMap\nmetadata:\n  name: config-artifact-bucket\n  namespace: tekton-pipelines\n  labels:\n    app.kubernetes.io/instance: defaul..."
level=INFO msg="converting manifest" app=lingon number=36 head="apiVersion: v1\nkind: ConfigMap\nmetadata:\n  name: config-artifact-pvc\n  namespace: tekton-pipelines\n  labels:\n    app.kubernetes.io/instance: default\n ..."
level=INFO msg="converting manifest" app=lingon number=37 head="apiVersion: v1\nkind: ConfigMap\nmetadata:\n  name: config-defaults\n  namespace: tekton-pipelines\n  labels:\n    app.kubernetes.io/instance: default\n    a..."
level=INFO msg="converting manifest" app=lingon number=38 head="apiVersion: v1\nkind: ConfigMap\nmetadata:\n  name: feature-flags\n  namespace: tekton-pipelines\n  labels:\n    app.kubernetes.io/instance: default\n    app..."
level=INFO msg="converting manifest" app=lingon number=39 head="apiVersion: v1\nkind: ConfigMap\nmetadata:\n  name: pipelines-info\n  namespace: tekton-pipelines\n  labels:\n    app.kubernetes.io/instance: default\n    ap..."
level=INFO msg="converting manifest" app=lingon number=40 head="apiVersion: v1\nkind: ConfigMap\nmetadata:\n  name: config-leader-election\n  namespace: tekton-pipelines\n  labels:\n    app.kubernetes.io/instance: defaul..."
level=INFO msg="converting manifest" app=lingon number=41 head="apiVersion: v1\nkind: ConfigMap\nmetadata:\n  name: config-logging\n  namespace: tekton-pipelines\n  labels:\n    app.kubernetes.io/instance: default\n    ap..."
level=INFO msg="converting manifest" app=lingon number=42 head="apiVersion: v1\nkind: ConfigMap\nmetadata:\n  name: config-observability\n  namespace: tekton-pipelines\n  labels:\n    app.kubernetes.io/instance: default\n..."
level=INFO msg="converting manifest" app=lingon number=43 head="apiVersion: v1\nkind: ConfigMap\nmetadata:\n  name: config-registry-cert\n  namespace: tekton-pipelines\n  labels:\n    app.kubernetes.io/instance: default\n..."
level=INFO msg="converting manifest" app=lingon number=44 head="apiVersion: v1\nkind: ConfigMap\nmetadata:\n  name: config-spire\n  namespace: tekton-pipelines\n  labels:\n    app.kubernetes.io/instance: default\n    app...."
level=INFO msg="converting manifest" app=lingon number=45 head="apiVersion: v1\nkind: ConfigMap\nmetadata:\n  name: config-trusted-resources\n  namespace: tekton-pipelines\n  labels:\n    app.kubernetes.io/instance: defa..."
level=INFO msg="converting manifest" app=lingon number=46 head="apiVersion: apps/v1\nkind: Deployment\nmetadata:\n  name: tekton-pipelines-controller\n  namespace: tekton-pipelines\n  labels:\n    app.kubernetes.io/name:..."
level=INFO msg="converting manifest" app=lingon number=47 head="apiVersion: v1\nkind: Service\nmetadata:\n  labels:\n    app.kubernetes.io/name: controller\n    app.kubernetes.io/component: controller\n    app.kubernetes..."
level=INFO msg="converting manifest" app=lingon number=48 head="apiVersion: v1\nkind: Namespace\nmetadata:\n  name: tekton-pipelines-resolvers\n  labels:\n    app.kubernetes.io/component: resolvers\n    app.kubernetes.io..."
level=INFO msg="converting manifest" app=lingon number=49 head="kind: ClusterRole\napiVersion: rbac.authorization.k8s.io/v1\nmetadata:\n  # ClusterRole for resolvers to monitor and update resolutionrequests.\n  name: t..."
level=INFO msg="converting manifest" app=lingon number=50 head="kind: Role\napiVersion: rbac.authorization.k8s.io/v1\nmetadata:\n  name: tekton-pipelines-resolvers-namespace-rbac\n  namespace: tekton-pipelines-resolver..."
level=INFO msg="converting manifest" app=lingon number=51 head="apiVersion: v1\nkind: ServiceAccount\nmetadata:\n  name: tekton-pipelines-resolvers\n  namespace: tekton-pipelines-resolvers\n  labels:\n    app.kubernetes...."
level=INFO msg="converting manifest" app=lingon number=52 head="apiVersion: rbac.authorization.k8s.io/v1\nkind: ClusterRoleBinding\nmetadata:\n  name: tekton-pipelines-resolvers\n  namespace: tekton-pipelines-resolvers..."
level=INFO msg="converting manifest" app=lingon number=53 head="apiVersion: rbac.authorization.k8s.io/v1\nkind: RoleBinding\nmetadata:\n  name: tekton-pipelines-resolvers-namespace-rbac\n  namespace: tekton-pipelines-r..."
level=INFO msg="converting manifest" app=lingon number=54 head="apiVersion: v1\nkind: ConfigMap\nmetadata:\n  name: bundleresolver-config\n  namespace: tekton-pipelines-resolvers\n  labels:\n    app.kubernetes.io/compone..."
level=INFO msg="converting manifest" app=lingon number=55 head="apiVersion: v1\nkind: ConfigMap\nmetadata:\n  name: cluster-resolver-config\n  namespace: tekton-pipelines-resolvers\n  labels:\n    app.kubernetes.io/compo..."
level=INFO msg="converting manifest" app=lingon number=56 head="apiVersion: v1\nkind: ConfigMap\nmetadata:\n  name: resolvers-feature-flags\n  namespace: tekton-pipelines-resolvers\n  labels:\n    app.kubernetes.io/compo..."
level=INFO msg="converting manifest" app=lingon number=57 head="apiVersion: v1\nkind: ConfigMap\nmetadata:\n  name: config-leader-election\n  namespace: tekton-pipelines-resolvers\n  labels:\n    app.kubernetes.io/compon..."
level=INFO msg="converting manifest" app=lingon number=58 head="apiVersion: v1\nkind: ConfigMap\nmetadata:\n  name: config-logging\n  namespace: tekton-pipelines-resolvers\n  labels:\n    app.kubernetes.io/component: res..."
level=INFO msg="converting manifest" app=lingon number=59 head="apiVersion: v1\nkind: ConfigMap\nmetadata:\n  name: config-observability\n  namespace: tekton-pipelines-resolvers\n  labels:\n    app.kubernetes.io/componen..."
level=INFO msg="converting manifest" app=lingon number=60 head="apiVersion: v1\nkind: ConfigMap\nmetadata:\n  name: git-resolver-config\n  namespace: tekton-pipelines-resolvers\n  labels:\n    app.kubernetes.io/component..."
level=INFO msg="converting manifest" app=lingon number=61 head="apiVersion: v1\nkind: ConfigMap\nmetadata:\n  name: hubresolver-config\n  namespace: tekton-pipelines-resolvers\n  labels:\n    app.kubernetes.io/component:..."
level=INFO msg="converting manifest" app=lingon number=62 head="apiVersion: apps/v1\nkind: Deployment\nmetadata:\n  name: tekton-pipelines-remote-resolvers\n  namespace: tekton-pipelines-resolvers\n  labels:\n    app.kub..."
level=INFO msg="converting manifest" app=lingon number=63 head="apiVersion: autoscaling/v2\nkind: HorizontalPodAutoscaler\nmetadata:\n  name: tekton-pipelines-webhook\n  namespace: tekton-pipelines\n  labels:\n    app.ku..."
level=INFO msg="converting manifest" app=lingon number=64 head="apiVersion: apps/v1\nkind: Deployment\nmetadata:\n  # Note: the Deployment name must be the same as the Service name specified in\n  # config/400-webhook-..."
level=INFO msg="converting manifest" app=lingon number=65 head="apiVersion: v1\nkind: Service\nmetadata:\n  labels:\n    app.kubernetes.io/name: webhook\n    app.kubernetes.io/component: webhook\n    app.kubernetes.io/in..."
level=INFO msg=render app=lingon filename=out/import/tekton/cluster-role.go
level=INFO msg=render app=lingon filename=out/import/tekton/cluster-role-binding.go
level=INFO msg=render app=lingon filename=out/import/tekton/config-map.go
level=INFO msg=render app=lingon filename=out/import/tekton/custom-resource-definition.go
level=INFO msg=render app=lingon filename=out/import/tekton/deployment.go
level=INFO msg=render app=lingon filename=out/import/tekton/horizontal-pod-autoscaler.go
level=INFO msg=render app=lingon filename=out/import/tekton/mutating-webhook-configuration.go
level=INFO msg=render app=lingon filename=out/import/tekton/namespace.go
level=INFO msg=render app=lingon filename=out/import/tekton/role.go
level=INFO msg=render app=lingon filename=out/import/tekton/role-binding.go
level=INFO msg=render app=lingon filename=out/import/tekton/secret.go
level=INFO msg=render app=lingon filename=out/import/tekton/service.go
level=INFO msg=render app=lingon filename=out/import/tekton/service-account.go
level=INFO msg=render app=lingon filename=out/import/tekton/validating-webhook-configuration.go
level=INFO msg=output app=lingon "bytes written"=113458
